[
  {
    "application": [],
    "site": [
      [
        {
          "display_name": "Site 1",
          "site_id": "site_1",
          "small_cell": [
            {
              "display_name": "SC 1_1",
              "small_cell_id": "sc_1_1"
            },
            {
              "display_name": "SC 1_2",
              "small_cell_id": "sc_1_2"
            }
          ]
        },
        {
          "display_name": "Site 2",
          "site_id": "site_2",
          "small_cell": [
            {
              "display_name": "SC 2_1",
              "small_cell_id": "sc_2_1"
            },
            {
              "display_name": "SC 2_2",
              "small_cell_id": "sc_2_2"
            }
          ]
        }
      ]
    ],
    "template": [
      [
        {
          "display_name": "Template 1",
          "template_id": "template_1"
        },
        {
          "display_name": "Template 1",
          "template_id": "template_1"
        }
      ]
    ],
    "traffic_class": []
  }
]
