[
  {
    "application": [],
    "site": [],
    "template": [],
    "traffic_class": []
  }
]
