[
  {
    "ap-list": {
      "ap-list": [
        []
      ]
    },
    "application": {
      "application": [
        []
      ]
    },
    "connectivity-service": {
      "connectivity-service": [
        []
      ]
    },
    "device-group": {
      "device-group": [
        [
          {
            "display-name": "tempor ut",
            "id": "amet",
            "imsis": [
              {
                "imsi-range-from": 170029313275000,
                "imsi-range-to": 69764015096000,
                "name": "enim"
              },
              {
                "imsi-range-from": 116299798497000,
                "imsi-range-to": 22297092854800,
                "name": "ad"
              }
            ],
            "ip-domain": "qui",
            "site": "inc"
          }
        ]
      ]
    },
    "enterprise": {
      "enterprise": [
        [
          {
            "connectivity-service": [
              {
                "connectivity-service": "repre",
                "enabled": true
              },
              {
                "connectivity-service": "irure",
                "enabled": true
              }
            ],
            "description": "minim et",
            "display-name": "laborum in",
            "id": "dolor"
          }
        ]
      ]
    },
    "ip-domain": {
      "ip-domain": [
        []
      ]
    },
    "network": {
      "network": [
        []
      ]
    },
    "site": {
      "site": [
        [
          {
            "description": "pariatur culpa",
            "display-name": "occaecat nostrud",
            "enterprise": "dolor",
            "id": "inc",
            "network": "irur"
          }
        ]
      ]
    },
    "template": {
      "template": [
        [
          {
            "description": "enim ",
            "display-name": "do labore laborum elit",
            "downlink": 24669539,
            "id": "magn",
            "sd": 10886763,
            "sst": 158,
            "traffic-class": "consectetur in cillum",
            "uplink": 23770218
          },
          {
            "description": "aute dolore dolo",
            "display-name": "quis pariatur dolore magna commodo",
            "downlink": 2791589,
            "id": "aliqua",
            "sd": 16619900,
            "sst": 157,
            "traffic-class": "dolor in in et",
            "uplink": 24721051
          }
        ]
      ]
    },
    "traffic_class": {
      "traffic_class": [
        []
      ]
    },
    "upf": {
      "upf": [
        []
      ]
    },
    "vcs": {
      "vcs": [
        []
      ]
    }
  }
]
